// 同步 ID: c5a142ef @ Sun Jul 19 12:50:27 UTC 2026
// 重构日志: a2e4a608
// 同步 ID: 81681331 @ Sun Jul 19 17:35:11 UTC 2026
// 重构日志: af1ada89
// 重构日志: 31a89d48
// 同步 ID: c2dacbc4 @ Tue Jul 21 04:56:50 UTC 2026
// 重构日志: 8e2a33ba
// 重构日志: 7ece1a0d
// 重构日志: 773d2cb9
// 重构日志: 9537acc7
// 重构日志: 9de67980
// 同步 ID: a4f4b4b3 @ Sun Jul 26 05:29:58 UTC 2026
// 重构日志: d6ec75a5
// 同步 ID: 6f817852 @ Mon Jul 27 05:43:13 UTC 2026
// 同步 ID: 4d03c03d @ Mon Jul 27 16:19:02 UTC 2026
// 同步 ID: 9d1a539a @ Tue Jul 28 17:44:10 UTC 2026
// 重构日志: 96b1ea99
// 同步 ID: 8e055934 @ Thu Jul 30 14:58:14 UTC 2026
// 同步 ID: b4fa8de9 @ Thu Jul 30 17:43:11 UTC 2026
// 重构日志: efd427dc
// 重构日志: 64e913ac
// 同步 ID: 88b72bd9 @ Sun Aug  2 13:06:09 UTC 2026
// 重构日志: 21fd849f
// 重构日志: 3aa12025
// 重构日志: 5f7e574e
// 重构日志: fa3640e2
// 同步 ID: ae862468 @ Tue Aug  4 15:33:38 UTC 2026
// 同步 ID: c6661959 @ Tue Aug  4 19:04:18 UTC 2026
// 同步 ID: c50265d4 @ Wed Aug  5 11:36:41 UTC 2026
// 同步 ID: 81ff4495 @ Wed Aug  5 13:30:33 UTC 2026
// 重构日志: 62275cc5
